Executing action: all (aliases: build)
Running ninja in directory C:\project\esp32\doorbell_demo_voice\build
Executing "ninja all"...
[1/21] Performing build step for 'bootloader'

[1/1] C:\windows\system32\cmd.exe /C "cd /D C:\project\esp32\doorbell_demo_voice\build\bootloader\esp-idf\esptool_py && F:\Espressif\python_env\idf5.4_py3.11_env\Scripts\python.exe F:/Espressif/frameworks/esp-idf-v5.4.3/components/partition_table/check_sizes.py --offset 0x8000 bootloader 0x0 C:/project/esp32/doorbell_demo_voice/build/bootloader/bootloader.bin"


Bootloader binary size 0x5760 bytes. 0x28a0 bytes (32%) free.



[2/21] No install step for 'bootloader'

[3/21] Completed 'bootloader'

ninja: build stopped: interrupted by user.
